============================================================
 PACMAN PREFLIGHT-CHECK
============================================================

[1/7] Benötigte Werkzeuge prüfen ...
OK: Werkzeug 'docker' ist verfügbar.
OK: Werkzeug 'kubectl' ist verfügbar.
OK: Werkzeug 'git' ist verfügbar.

[2/7] Docker Desktop prüfen ...
OK: Docker Desktop läuft.

[3/7] Kubernetes-Kontext prüfen ...
OK: Kubernetes-Kontext: docker-desktop

[4/7] Node-Status prüfen ...
OK: Alle Nodes sind im Status 'Ready'.
NAME             STATUS   ROLES           AGE   VERSION
docker-desktop   Ready    control-plane   76d   v1.34.1

[5/7] Erforderliche Namespaces prüfen ...
OK: Namespace 'pacman-dev' vorhanden.
OK: Namespace 'pacman-prod' vorhanden.
OK: Namespace 'monitoring' vorhanden.
OK: Namespace 'argocd' vorhanden.

[6/7] Freien Speicher prüfen ...
OK: 925 GiB freier Speicher verfügbar.

[7/7] Git-Status prüfen ...
OK: Git-Branch: main
WARNUNG: Es gibt unversionierte oder nicht committete Änderungen im Repository.
 M scripts/cluster-status.sh
 M scripts/collect-diagnostics.sh
 M scripts/preflight-check.sh

============================================================
 PREFLIGHT-CHECK ERFOLGREICH
============================================================
exit=0
