============================================================
 PACMAN CLUSTER-STATUS
 2026-09-21 23:36:17
============================================================

Kontext: docker-desktop
Namespaces: pacman-dev

============================================================
 ARGO CD ANWENDUNGEN
============================================================
NAME          SYNC     HEALTH
pacman-dev    Synced   Degraded
pacman-prod   Synced   Degraded

============================================================
 NAMESPACE: pacman-dev
============================================================

--- Deployments ---
NAME     DESIRED   READY   AVAILABLE
pacman   1         1       1

--- StatefulSets ---
NAME      DESIRED   READY   CURRENT
mongodb   1         1       1

--- Pods ---
NAME                                   READY   STATUS      RESTARTS       AGE    IP          NODE             NOMINATED NODE   READINESS GATES
backup-check-ihk-dev                   0/1     Completed   0              4d5h   <none>      docker-desktop   <none>           <none>
mongodb-0                              1/1     Running     13 (15h ago)   28d    10.1.9.44   docker-desktop   <none>           <none>
mongodb-backup-29830770-xbqt8          0/1     Completed   0              47h    <none>      docker-desktop   <none>           <none>
mongodb-backup-29832210-lxx9q          0/1     Completed   0              25h    <none>      docker-desktop   <none>           <none>
mongodb-backup-29833650-r6pct          0/1     Completed   0              126m   10.1.9.79   docker-desktop   <none>           <none>
mongodb-restore-final-20260917-n8dvk   0/1     Completed   0              4d8h   <none>      docker-desktop   <none>           <none>
mongodb-restore-ihk-ui-001-tl9bs       0/1     Completed   0              4d5h   <none>      docker-desktop   <none>           <none>
mongodb-restore-ihkui001-final-np88g   0/1     Completed   0              4d4h   <none>      docker-desktop   <none>           <none>
pacman-86648c8b4-h62c6                 1/1     Running     2 (15h ago)    37h    10.1.9.32   docker-desktop   <none>           <none>

--- Services ---
NAME      TYPE        CLUSTER-IP     EXTERNAL-IP   PORT(S)     AGE
mongodb   ClusterIP   None           <none>        27017/TCP   44d
pacman    ClusterIP   10.96.213.94   <none>        80/TCP      46d

--- Ingress ---
NAME     CLASS   HOSTS              ADDRESS     PORTS   AGE
pacman   nginx   pacman-dev.local   localhost   80      40d

--- PVC ---
NAME                     STATUS   VOLUME                                     CAPACITY   ACCESS MODES   STORAGECLASS   VOLUMEATTRIBUTESCLASS   AGE
mongodb-backup           Bound    pvc-adc69e51-0829-4691-82c7-cbb846a42355   2Gi        RWO            hostpath       <unset>                 36d
mongodb-data-mongodb-0   Bound    pvc-f5c16c5f-375f-416e-91ae-42265c6b7b21   1Gi        RWO            hostpath       <unset>                 44d

--- HPA ---
NAME     REFERENCE           TARGETS              MINPODS   MAXPODS   REPLICAS   AGE
pacman   Deployment/pacman   cpu: <unknown>/60%   1         3         1          34d

--- Jobs / CronJobs ---
NAME                             STATUS     COMPLETIONS   DURATION   AGE
ap25-delete-highscore            Complete   1/1           14s        36d
mongodb-backup-29801970          Failed     0/1           21d        21d
mongodb-backup-29830770          Complete   1/1           14s        47h
mongodb-backup-29832210          Complete   1/1           4m40s      25h
mongodb-backup-29833650          Complete   1/1           14s        126m
mongodb-restore-final-20260917   Complete   1/1           12s        4d8h
mongodb-restore-ihk-ui-001       Complete   1/1           73s        4d5h
mongodb-restore-ihkui001-final   Complete   1/1           11s        4d4h
mongodb-restore-manual           Complete   1/1           11s        36d
NAME             SCHEDULE      TIMEZONE        SUSPEND   ACTIVE   LAST SCHEDULE   AGE
mongodb-backup   30 21 * * *   Europe/Berlin   False     0        126m            36d

--- Relevante Warnereignisse (letzte 30 Min) ---
TIME                   OBJECT   REASON                         MESSAGE
2026-09-21T21:30:57Z   pacman   FailedGetResourceMetric        failed to get cpu utilization: unable to get metrics for resource cpu: no metrics returned from resource metrics API
2026-09-21T21:30:57Z   pacman   FailedComputeMetricsReplicas   invalid metrics (1 invalid out of 1), first error is: failed to get cpu resource metric value: failed to get cpu utilization: unable to get metrics for resource cpu: no metrics returned from resource metrics API
2026-09-21T21:35:58Z   pacman   FailedGetResourceMetric        failed to get cpu utilization: unable to get metrics for resource cpu: unable to fetch metrics from resource metrics API: the server is currently unable to handle the request (get pods.metrics.k8s.io)
2026-09-21T21:35:59Z   pacman   FailedComputeMetricsReplicas   invalid metrics (1 invalid out of 1), first error is: failed to get cpu resource metric value: failed to get cpu utilization: unable to get metrics for resource cpu: unable to fetch metrics from resource metrics API: the server is currently unable to handle the request (get pods.metrics.k8s.io)

============================================================
 CLUSTER-STATUS ENDE
============================================================
exit=0
